I'm sorry, but errors were detected in your script. Please correct the
errors listed below, and try again.


File "game/infoScreen.rpy", line 6: u'return' is not a keyword argument or valid child for the screen statement.
    return
          ^

Ren'Py Version: Ren'Py 7.4.11.2266
Fri Jun  3 17:58:18 2022
